../Drivers/CMSIS/Include/core_cm4.h:2064:26:uint32_t ITM_SendChar(uint32_t)	16	static,ignoring_inline_asm
../Core/Src/main.cpp:30:16:int _write(int, char*, int)	32	static
../Core/Src/main.cpp:80:5:int main()	8	static
../Core/Src/main.cpp:127:6:void SystemClock_Config()	88	static
../Core/Src/main.cpp:169:13:void MX_I2C1_Init()	8	static
../Core/Src/main.cpp:203:13:void MX_USART1_UART_Init()	8	static
../Core/Src/main.cpp:236:13:void MX_GPIO_Init()	40	static
../Core/Src/main.cpp:293:6:void Error_Handler()	4	static,ignoring_inline_asm
