17:34:14 **** Incremental Build of configuration Debug for project temp ****
make -j8 all 
arm-none-eabi-gcc "../Core/Src/main.c" -mcpu=cortex-m4 -std=gnu11 -g3 -DDEBUG -DUSE_HAL_DRIVER -DSTM32F411xE -c -I../Core/Inc -I../Drivers/STM32F4xx_HAL_Driver/Inc -I../Drivers/STM32F4xx_HAL_Driver/Inc/Legacy -I../Drivers/CMSIS/Device/ST/STM32F4xx/Include -I../Drivers/CMSIS/Include -O0 -ffunction-sections -fdata-sections -Wall -fstack-usage -fcyclomatic-complexity -MMD -MP -MF"Core/Src/main.d" -MT"Core/Src/main.o" --specs=nano.specs -mfpu=fpv4-sp-d16 -mfloat-abi=hard -mthumb -o "Core/Src/main.o"
arm-none-eabi-gcc -o "temp.elf" @"objects.list"   -mcpu=cortex-m4 -T"C:\Users\szymo\Desktop\TI BQ2xxxx EV board\Workspace\temp\STM32F411CEUX_FLASH.ld" --specs=nosys.specs -Wl,-Map="temp.map" -Wl,--gc-sections -static --specs=nano.specs -mfpu=fpv4-sp-d16 -mfloat-abi=hard -mthumb -Wl,--start-group -lc -lm -Wl,--end-group
Finished building target: temp.elf
 
arm-none-eabi-size  temp.elf 
arm-none-eabi-objdump -h -S temp.elf  > "temp.list"
   text	   data	    bss	    dec	    hex	filename
   5908	     12	   1572	   7492	   1d44	temp.elf
Finished building: default.size.stdout
 
Finished building: temp.list
 

17:34:16 Build Finished. 0 errors, 0 warnings. (took 1s.73ms)

